<html>
<body>
<pre>
<h1>µVision Build Log</h1>
<h2>Tool Versions:</h2>
IDE-Version: ¦ÌVision V5.39.0.0
Copyright (C) 2023 ARM Ltd and ARM Germany GmbH. All rights reserved.
License Information: abc HUAWEI, abc, LIC=8VRJ7-EU0GF-MMH9I-T2YV5-0AQN2-RBDLP
 
Tool Versions:
Toolchain:       MDK-ARM Plus  Version: 5.39.0.0
Toolchain Path:  D:\AppGallery\Software\Keil_v5\ARM\ARMCLANG\Bin
C Compiler:      ArmClang.exe V6.21
Assembler:       Armasm.exe V6.21
Linker/Locator:  ArmLink.exe V6.21
Library Manager: ArmAr.exe V6.21
Hex Converter:   FromElf.exe V6.21
CPU DLL:         SARMCM3.DLL V5.39.0.0
Dialog DLL:      DCM.DLL V1.17.5.0
Target DLL:      Segger\JL2CM3.dll V2.99.43.0
Dialog DLL:      TCM.DLL V1.56.4.0
 
<h2>Project:</h2>
D:\Myworkspace\DashBoard1.0\Firmware\E33_Panel_240728\MDK-ARM\Panel.uvprojx
Project File Date:  10/16/2024

<h2>Output:</h2>
*** Using Compiler 'V6.21', folder: 'D:\AppGallery\Software\Keil_v5\ARM\ARMCLANG\Bin'
Build target 'Panel'
compiling usart.c...
compiling tim.c...
compiling stm32h7xx_it.c...
compiling adc.c...
compiling stm32h7xx_hal_msp.c...
compiling dma2d.c...
compiling ltdc.c...
compiling gpio.c...
compiling dma.c...
compiling fdcan.c...
compiling main.c...
compiling stm32h7xx_hal_adc.c...
compiling stm32h7xx_hal_rcc.c...
compiling stm32h7xx_hal_adc_ex.c...
compiling stm32h7xx_hal_flash.c...
compiling stm32h7xx_hal_rcc_ex.c...
compiling stm32h7xx_hal_flash_ex.c...
compiling stm32h7xx_hal_gpio.c...
compiling stm32h7xx_hal_hsem.c...
compiling stm32h7xx_hal_pwr.c...
compiling stm32h7xx_hal_dma_ex.c...
compiling stm32h7xx_hal_mdma.c...
compiling stm32h7xx_hal_cortex.c...
compiling stm32h7xx_hal_pwr_ex.c...
compiling stm32h7xx_hal_dma.c...
compiling stm32h7xx_hal.c...
compiling stm32h7xx_hal_i2c_ex.c...
compiling stm32h7xx_hal_exti.c...
compiling stm32h7xx_hal_i2c.c...
compiling stm32h7xx_hal_dma2d.c...
compiling stm32h7xx_hal_ltdc.c...
compiling stm32h7xx_hal_ltdc_ex.c...
compiling stm32h7xx_hal_uart_ex.c...
compiling system_stm32h7xx.c...
compiling myusart.c...
compiling stm32h7xx_hal_fdcan.c...
compiling stm32h7xx_hal_tim_ex.c...
compiling mycan.c...
compiling rgbtft.c...
compiling encoder.c...
compiling stm32h7xx_hal_tim.c...
compiling stm32h7xx_hal_uart.c...
compiling ws2812.c...
compiling lightsensor.c...
compiling led_bottun.c...
compiling yzusart.c...
compiling atk_mw8266d.c...
compiling atk_mw8266d_uart.c...
compiling wifiapp.c...
compiling canapp.c...
compiling lv_port_disp_template.c...
compiling lv_port_fs_template.c...
compiling lv_port_indev_template.c...
compiling lv_disp.c...
compiling lv_event.c...
compiling lv_group.c...
compiling lv_indev.c...
compiling lv_indev_scroll.c...
compiling lv_obj_class.c...
compiling lv_obj_draw.c...
compiling lv_obj.c...
compiling lv_obj_scroll.c...
compiling lv_obj_pos.c...
compiling lv_obj_style_gen.c...
compiling lv_gpu_arm2d.c...
compiling lv_obj_style.c...
compiling lv_obj_tree.c...
compiling lv_draw_pxp.c...
compiling lv_theme.c...
compiling lv_draw_pxp_blend.c...
compiling lv_gpu_nxp_pxp.c...
compiling lv_gpu_nxp_pxp_osa.c...
compiling lv_refr.c...
compiling lv_draw_vglite.c...
compiling lv_draw_vglite_arc.c...
compiling lv_draw_vglite_blend.c...
compiling lv_draw_vglite_line.c...
compiling lv_draw_vglite_rect.c...
compiling lv_vglite_buf.c...
compiling lv_vglite_utils.c...
compiling lv_draw_sdl.c...
compiling lv_gpu_d2_draw_label.c...
compiling lv_draw_sdl_arc.c...
compiling lv_gpu_d2_ra6m3.c...
compiling lv_draw_sdl_bg.c...
compiling lv_draw_sdl_composite.c...
compiling lv_draw_sdl_img.c...
compiling lv_draw_sdl_label.c...
compiling lv_draw_sdl_layer.c...
compiling lv_draw_sdl_line.c...
compiling lv_draw_sdl_mask.c...
compiling lv_draw_sdl_polygon.c...
compiling lv_draw_sdl_texture_cache.c...
compiling lv_draw_sdl_rect.c...
compiling lv_draw_sdl_utils.c...
compiling lv_draw_sdl_stack_blur.c...
compiling lv_gpu_stm32_dma2d.c...
compiling lv_draw_sw.c...
compiling lv_draw_sw_arc.c...
compiling lv_draw_sw_dither.c...
compiling lv_draw_sw_gradient.c...
compiling lv_draw_sw_layer.c...
compiling lv_draw_sw_img.c...
compiling lv_draw_sw_blend.c...
compiling lv_draw_sw_letter.c...
compiling lv_draw_sw_polygon.c...
compiling lv_draw_sw_line.c...
compiling lv_gpu_swm341_dma2d.c...
compiling lv_draw.c...
compiling lv_draw_sw_transform.c...
compiling lv_draw_arc.c...
compiling lv_draw_sw_rect.c...
compiling lv_draw_img.c...
compiling lv_draw_label.c...
compiling lv_draw_layer.c...
compiling lv_draw_line.c...
compiling lv_draw_rect.c...
compiling lv_draw_transform.c...
compiling lv_draw_triangle.c...
compiling lv_img_cache.c...
compiling lv_draw_mask.c...
compiling lv_img_buf.c...
compiling lv_img_decoder.c...
compiling lv_flex.c...
compiling lv_bmp.c...
compiling lv_grid.c...
compiling lv_ffmpeg.c...
compiling lv_freetype.c...
compiling lv_fs_fatfs.c...
compiling lv_fs_posix.c...
compiling gifdec.c...
compiling lv_fs_stdio.c...
compiling lv_fs_win32.c...
compiling lv_gif.c...
compiling lodepng.c...
compiling lv_png.c...
compiling lv_qrcode.c...
compiling lv_rlottie.c...
compiling lv_sjpg.c...
compiling tjpgd.c...
compiling lv_fragment_manager.c...
compiling lv_fragment.c...
compiling lv_gridnav.c...
compiling qrcodegen.c...
compiling lv_ime_pinyin.c...
compiling lv_imgfont.c...
compiling lv_monkey.c...
compiling lv_msg.c...
compiling lv_snapshot.c...
compiling lv_theme_basic.c...
compiling lv_theme_mono.c...
compiling lv_animimg.c...
compiling lv_theme_default.c...
compiling lv_calendar_header_arrow.c...
compiling lv_calendar_header_dropdown.c...
compiling lv_calendar.c...
compiling lv_keyboard.c...
compiling lv_imgbtn.c...
compiling lv_led.c...
compiling lv_colorwheel.c...
compiling lv_list.c...
compiling lv_menu.c...
compiling lv_chart.c...
compiling lv_meter.c...
compiling lv_msgbox.c...
compiling lv_spinbox.c...
compiling lv_spinner.c...
compiling lv_span.c...
compiling lv_tabview.c...
compiling lv_tileview.c...
compiling lv_win.c...
compiling lv_font.c...
compiling lv_extra.c...
compiling lv_font_dejavu_16_persian_hebrew.c...
compiling lv_font_fmt_txt.c...
compiling lv_font_loader.c...
compiling lv_font_montserrat_8.c...
compiling lv_font_montserrat_10.c...
compiling lv_font_montserrat_12.c...
compiling lv_font_montserrat_12_subpx.c...
compiling lv_font_montserrat_14.c...
compiling lv_font_montserrat_16.c...
compiling lv_font_montserrat_18.c...
compiling lv_font_montserrat_20.c...
compiling lv_font_montserrat_22.c...
compiling lv_font_montserrat_24.c...
compiling lv_font_montserrat_26.c...
compiling lv_font_montserrat_28.c...
compiling lv_font_montserrat_28_compressed.c...
compiling lv_font_montserrat_30.c...
compiling lv_font_montserrat_32.c...
compiling lv_font_montserrat_34.c...
compiling lv_font_montserrat_36.c...
compiling lv_font_montserrat_38.c...
compiling lv_font_montserrat_40.c...
compiling lv_font_montserrat_42.c...
compiling lv_font_montserrat_44.c...
compiling lv_font_montserrat_46.c...
compiling lv_font_montserrat_48.c...
compiling lv_font_simsun_16_cjk.c...
compiling lv_font_unscii_8.c...
compiling lv_font_unscii_16.c...
compiling lv_hal_indev.c...
compiling lv_hal_disp.c...
compiling lv_hal_tick.c...
compiling lv_anim.c...
compiling lv_anim_timeline.c...
compiling lv_area.c...
compiling lv_async.c...
compiling lv_bidi.c...
compiling lv_color.c...
compiling lv_gc.c...
compiling lv_fs.c...
compiling lv_ll.c...
compiling lv_log.c...
compiling lv_lru.c...
compiling lv_math.c...
compiling lv_mem.c...
compiling lv_printf.c...
compiling lv_style.c...
compiling lv_style_gen.c...
compiling lv_templ.c...
compiling lv_timer.c...
compiling lv_txt_ap.c...
compiling lv_tlsf.c...
compiling lv_utils.c...
compiling lv_txt.c...
compiling lv_bar.c...
compiling lv_arc.c...
compiling lv_btn.c...
compiling lv_checkbox.c...
compiling lv_canvas.c...
compiling lv_btnmatrix.c...
compiling lv_objx_templ.c...
compiling lv_dropdown.c...
compiling lv_line.c...
compiling lv_img.c...
compiling lv_slider.c...
compiling lv_label.c...
compiling lv_switch.c...
compiling lv_roller.c...
compiling lv_table.c...
compiling _elitr_alpha_363x68.c...
compiling lv_textarea.c...
compiling events_init.c...
compiling custom.c...
compiling gui_guider.c...
compiling lv_font_Acme_Regular_20.c...
compiling lv_font_Alatsi_Regular_14.c...
compiling lv_font_Alatsi_Regular_18.c...
compiling lv_font_Alatsi_Regular_20.c...
compiling lv_font_Antonio_Regular_24.c...
compiling lv_font_arial_45.c...
compiling lv_font_CN_12.c...
compiling lv_font_montserratMedium_14.c...
compiling lv_font_montserratMedium_15.c...
compiling lv_font_montserratMedium_16.c...
compiling lv_font_CN_80.c...
compiling lv_font_montserratMedium_18.c...
compiling lv_font_montserratMedium_20.c...
compiling lv_font_montserratMedium_25.c...
compiling lv_font_montserratMedium_30.c...
compiling lv_font_montserratMedium_35.c...
compiling lv_font_montserratMedium_38.c...
compiling lv_font_montserratMedium_40.c...
compiling lv_font_montserratMedium_41.c...
compiling lv_font_montserratMedium_45.c...
compiling lv_font_montserratMedium_50.c...
compiling lv_font_simsun_18.c...
compiling widgets_init.c...
compiling lv_font_montserratMedium_51.c...
compiling lv_font_montserratMedium_60.c...
compiling lv_font_montserratMedium_110.c...
compiling setup_scr_screen.c...
linking...
..\Mysct\mypanel.sct(4): warning: L6314W: No section matches pattern *(InRoot$Sections).
..\Mysct\mypanel.sct(15): warning: L6314W: No section matches pattern *(.RAM_D1).
..\Mysct\mypanel.sct(20): warning: L6314W: No section matches pattern *(.RAM_D2).
Program Size: Code=270534 RO-data=1500274 RW-data=2008 ZI-data=57684  
Finished: 0 information, 3 warning and 0 error messages.
FromELF: creating hex file...
"Panel\Panel.axf" - 0 Error(s), 3 Warning(s).

<h2>Software Packages used:</h2>

Package Vendor: ARM
                http://www.keil.com/pack/ARM.CMSIS.5.9.0.pack
                ARM::CMSIS@5.9.0
                CMSIS (Common Microcontroller Software Interface Standard)
   * Component: CORE Version: 5.6.0

Package Vendor: Keil
                https://www.keil.com/pack/Keil.STM32H7xx_DFP.3.1.1.pack
                Keil::STM32H7xx_DFP@3.1.1
                STMicroelectronics STM32H7 Series Device Support and Examples

<h2>Collection of Component include folders:</h2>
  ./RTE/_Panel
  D:/AppGallery/Software/Keil_v5/Arm/Packs/ARM/CMSIS/5.9.0/CMSIS/Core/Include
  D:/AppGallery/Software/Keil_v5/Arm/Packs/Keil/STM32H7xx_DFP/3.1.1/Drivers/CMSIS/Device/ST/STM32H7xx/Include

<h2>Collection of Component Files used:</h2>

   * Component: ARM::CMSIS:CORE@5.6.0
Build Time Elapsed:  00:00:32
</pre>
</body>
</html>
